[    1138ms] [INFO] %cDownload the React DevTools for a better development experience: https://react.dev/link/react-devtools font-weight:bold @ http://localhost:3000/_next/static/chunks/1ldn_next_dist_06gedf1._.js:776
[    1208ms] [LOG] [HMR] connected @ http://localhost:3000/_next/static/chunks/1ldn_next_dist_06gedf1._.js:776
[    1460ms] [LOG] [Fast Refresh] rebuilding @ http://localhost:3000/_next/static/chunks/1ldn_next_dist_06gedf1._.js:776
[    2105ms] [LOG] [Fast Refresh] done in 811ms @ http://localhost:3000/_next/static/chunks/1ldn_next_dist_06gedf1._.js:776
[    2426ms] [LOG] [Fast Refresh] rebuilding @ http://localhost:3000/_next/static/chunks/1ldn_next_dist_06gedf1._.js:776
[    2634ms] [LOG] [Fast Refresh] done in 308ms @ http://localhost:3000/_next/static/chunks/1ldn_next_dist_06gedf1._.js:776
[    8833ms] [LOG] [Fast Refresh] rebuilding @ http://localhost:3000/_next/static/chunks/1ldn_next_dist_06gedf1._.js:776
[    9180ms] [LOG] [Fast Refresh] done in 448ms @ http://localhost:3000/_next/static/chunks/1ldn_next_dist_06gedf1._.js:776
[   47182ms] [LOG] [Fast Refresh] rebuilding @ http://localhost:3000/_next/static/chunks/1ldn_next_dist_06gedf1._.js:776
[   48777ms] [LOG] [Fast Refresh] done in 1590ms @ http://localhost:3000/_next/static/chunks/1ldn_next_dist_06gedf1._.js:776
[   49586ms] [LOG] [Fast Refresh] rebuilding @ http://localhost:3000/_next/static/chunks/1ldn_next_dist_06gedf1._.js:776
[   50025ms] [LOG] [Fast Refresh] done in 258ms @ http://localhost:3000/_next/static/chunks/1ldn_next_dist_06gedf1._.js:776
[   50182ms] [LOG] [Fast Refresh] done in 258ms @ http://localhost:3000/_next/static/chunks/1ldn_next_dist_06gedf1._.js:776
[   50265ms] [LOG] [Fast Refresh] done in 258ms @ http://localhost:3000/_next/static/chunks/1ldn_next_dist_06gedf1._.js:776
[   50352ms] [LOG] [Fast Refresh] done in 258ms @ http://localhost:3000/_next/static/chunks/1ldn_next_dist_06gedf1._.js:776
[   50436ms] [LOG] [Fast Refresh] done in 258ms @ http://localhost:3000/_next/static/chunks/1ldn_next_dist_06gedf1._.js:776
[   50515ms] [LOG] [Fast Refresh] done in 258ms @ http://localhost:3000/_next/static/chunks/1ldn_next_dist_06gedf1._.js:776
[   50587ms] [LOG] [Fast Refresh] done in 258ms @ http://localhost:3000/_next/static/chunks/1ldn_next_dist_06gedf1._.js:776
[   50664ms] [LOG] [Fast Refresh] done in 258ms @ http://localhost:3000/_next/static/chunks/1ldn_next_dist_06gedf1._.js:776
[   50701ms] [LOG] [Fast Refresh] done in 258ms @ http://localhost:3000/_next/static/chunks/1ldn_next_dist_06gedf1._.js:776
[   50774ms] [LOG] [Fast Refresh] done in 258ms @ http://localhost:3000/_next/static/chunks/1ldn_next_dist_06gedf1._.js:776
[   50857ms] [LOG] [Fast Refresh] done in 258ms @ http://localhost:3000/_next/static/chunks/1ldn_next_dist_06gedf1._.js:776
[   50936ms] [LOG] [Fast Refresh] done in 258ms @ http://localhost:3000/_next/static/chunks/1ldn_next_dist_06gedf1._.js:776
[   51025ms] [LOG] [Fast Refresh] done in 258ms @ http://localhost:3000/_next/static/chunks/1ldn_next_dist_06gedf1._.js:776
[   51104ms] [LOG] [Fast Refresh] done in 258ms @ http://localhost:3000/_next/static/chunks/1ldn_next_dist_06gedf1._.js:776
[   51180ms] [LOG] [Fast Refresh] done in 258ms @ http://localhost:3000/_next/static/chunks/1ldn_next_dist_06gedf1._.js:776
[   51242ms] [LOG] [Fast Refresh] done in 258ms @ http://localhost:3000/_next/static/chunks/1ldn_next_dist_06gedf1._.js:776
[   51305ms] [LOG] [Fast Refresh] done in 258ms @ http://localhost:3000/_next/static/chunks/1ldn_next_dist_06gedf1._.js:776
[   51369ms] [LOG] [Fast Refresh] done in 258ms @ http://localhost:3000/_next/static/chunks/1ldn_next_dist_06gedf1._.js:776
[   51433ms] [LOG] [Fast Refresh] done in 258ms @ http://localhost:3000/_next/static/chunks/1ldn_next_dist_06gedf1._.js:776
[   51496ms] [LOG] [Fast Refresh] done in 258ms @ http://localhost:3000/_next/static/chunks/1ldn_next_dist_06gedf1._.js:776
[   51572ms] [LOG] [Fast Refresh] done in 258ms @ http://localhost:3000/_next/static/chunks/1ldn_next_dist_06gedf1._.js:776
[   51633ms] [LOG] [Fast Refresh] done in 258ms @ http://localhost:3000/_next/static/chunks/1ldn_next_dist_06gedf1._.js:776
[   51712ms] [LOG] [Fast Refresh] done in 258ms @ http://localhost:3000/_next/static/chunks/1ldn_next_dist_06gedf1._.js:776
[   51774ms] [LOG] [Fast Refresh] done in 258ms @ http://localhost:3000/_next/static/chunks/1ldn_next_dist_06gedf1._.js:776
[   51837ms] [LOG] [Fast Refresh] done in 258ms @ http://localhost:3000/_next/static/chunks/1ldn_next_dist_06gedf1._.js:776
[   51900ms] [LOG] [Fast Refresh] done in 258ms @ http://localhost:3000/_next/static/chunks/1ldn_next_dist_06gedf1._.js:776
[   51975ms] [LOG] [Fast Refresh] done in 258ms @ http://localhost:3000/_next/static/chunks/1ldn_next_dist_06gedf1._.js:776
[   52068ms] [LOG] [Fast Refresh] done in 258ms @ http://localhost:3000/_next/static/chunks/1ldn_next_dist_06gedf1._.js:776
[   52131ms] [LOG] [Fast Refresh] done in 258ms @ http://localhost:3000/_next/static/chunks/1ldn_next_dist_06gedf1._.js:776
[   52194ms] [LOG] [Fast Refresh] done in 258ms @ http://localhost:3000/_next/static/chunks/1ldn_next_dist_06gedf1._.js:776
[   52258ms] [LOG] [Fast Refresh] done in 258ms @ http://localhost:3000/_next/static/chunks/1ldn_next_dist_06gedf1._.js:776
[   52320ms] [LOG] [Fast Refresh] done in 258ms @ http://localhost:3000/_next/static/chunks/1ldn_next_dist_06gedf1._.js:776
[   52383ms] [LOG] [Fast Refresh] done in 258ms @ http://localhost:3000/_next/static/chunks/1ldn_next_dist_06gedf1._.js:776
[   52445ms] [LOG] [Fast Refresh] done in 258ms @ http://localhost:3000/_next/static/chunks/1ldn_next_dist_06gedf1._.js:776
[   52509ms] [LOG] [Fast Refresh] done in 258ms @ http://localhost:3000/_next/static/chunks/1ldn_next_dist_06gedf1._.js:776
[   52585ms] [LOG] [Fast Refresh] done in 258ms @ http://localhost:3000/_next/static/chunks/1ldn_next_dist_06gedf1._.js:776
[   52649ms] [LOG] [Fast Refresh] done in 258ms @ http://localhost:3000/_next/static/chunks/1ldn_next_dist_06gedf1._.js:776
[   52727ms] [LOG] [Fast Refresh] done in 258ms @ http://localhost:3000/_next/static/chunks/1ldn_next_dist_06gedf1._.js:776
[   52789ms] [LOG] [Fast Refresh] done in 258ms @ http://localhost:3000/_next/static/chunks/1ldn_next_dist_06gedf1._.js:776
[   52853ms] [LOG] [Fast Refresh] done in 258ms @ http://localhost:3000/_next/static/chunks/1ldn_next_dist_06gedf1._.js:776
[   52932ms] [LOG] [Fast Refresh] done in 258ms @ http://localhost:3000/_next/static/chunks/1ldn_next_dist_06gedf1._.js:776
[   52992ms] [LOG] [Fast Refresh] done in 258ms @ http://localhost:3000/_next/static/chunks/1ldn_next_dist_06gedf1._.js:776
[   53070ms] [LOG] [Fast Refresh] done in 258ms @ http://localhost:3000/_next/static/chunks/1ldn_next_dist_06gedf1._.js:776
[   53132ms] [LOG] [Fast Refresh] done in 258ms @ http://localhost:3000/_next/static/chunks/1ldn_next_dist_06gedf1._.js:776
[   53194ms] [LOG] [Fast Refresh] done in 258ms @ http://localhost:3000/_next/static/chunks/1ldn_next_dist_06gedf1._.js:776
[   53273ms] [LOG] [Fast Refresh] done in 258ms @ http://localhost:3000/_next/static/chunks/1ldn_next_dist_06gedf1._.js:776
[   53336ms] [LOG] [Fast Refresh] done in 258ms @ http://localhost:3000/_next/static/chunks/1ldn_next_dist_06gedf1._.js:776
[   53399ms] [LOG] [Fast Refresh] done in 258ms @ http://localhost:3000/_next/static/chunks/1ldn_next_dist_06gedf1._.js:776
[   53477ms] [LOG] [Fast Refresh] done in 258ms @ http://localhost:3000/_next/static/chunks/1ldn_next_dist_06gedf1._.js:776
[   53540ms] [LOG] [Fast Refresh] done in 258ms @ http://localhost:3000/_next/static/chunks/1ldn_next_dist_06gedf1._.js:776
[   53602ms] [LOG] [Fast Refresh] done in 258ms @ http://localhost:3000/_next/static/chunks/1ldn_next_dist_06gedf1._.js:776
[   53680ms] [LOG] [Fast Refresh] done in 258ms @ http://localhost:3000/_next/static/chunks/1ldn_next_dist_06gedf1._.js:776
[   53756ms] [LOG] [Fast Refresh] done in 258ms @ http://localhost:3000/_next/static/chunks/1ldn_next_dist_06gedf1._.js:776
[   53841ms] [LOG] [Fast Refresh] done in 258ms @ http://localhost:3000/_next/static/chunks/1ldn_next_dist_06gedf1._.js:776
[   53905ms] [LOG] [Fast Refresh] done in 258ms @ http://localhost:3000/_next/static/chunks/1ldn_next_dist_06gedf1._.js:776
[   53968ms] [LOG] [Fast Refresh] done in 258ms @ http://localhost:3000/_next/static/chunks/1ldn_next_dist_06gedf1._.js:776
[   54031ms] [LOG] [Fast Refresh] done in 258ms @ http://localhost:3000/_next/static/chunks/1ldn_next_dist_06gedf1._.js:776
[   54105ms] [LOG] [Fast Refresh] done in 258ms @ http://localhost:3000/_next/static/chunks/1ldn_next_dist_06gedf1._.js:776
[   54169ms] [LOG] [Fast Refresh] done in 258ms @ http://localhost:3000/_next/static/chunks/1ldn_next_dist_06gedf1._.js:776
[   54232ms] [LOG] [Fast Refresh] done in 258ms @ http://localhost:3000/_next/static/chunks/1ldn_next_dist_06gedf1._.js:776
[   54308ms] [LOG] [Fast Refresh] done in 258ms @ http://localhost:3000/_next/static/chunks/1ldn_next_dist_06gedf1._.js:776
[   54370ms] [LOG] [Fast Refresh] done in 258ms @ http://localhost:3000/_next/static/chunks/1ldn_next_dist_06gedf1._.js:776
[   54434ms] [LOG] [Fast Refresh] done in 258ms @ http://localhost:3000/_next/static/chunks/1ldn_next_dist_06gedf1._.js:776
[   54497ms] [LOG] [Fast Refresh] done in 258ms @ http://localhost:3000/_next/static/chunks/1ldn_next_dist_06gedf1._.js:776
[   54562ms] [LOG] [Fast Refresh] done in 258ms @ http://localhost:3000/_next/static/chunks/1ldn_next_dist_06gedf1._.js:776
[   54639ms] [LOG] [Fast Refresh] done in 258ms @ http://localhost:3000/_next/static/chunks/1ldn_next_dist_06gedf1._.js:776
[   54701ms] [LOG] [Fast Refresh] done in 258ms @ http://localhost:3000/_next/static/chunks/1ldn_next_dist_06gedf1._.js:776
[   54765ms] [LOG] [Fast Refresh] done in 258ms @ http://localhost:3000/_next/static/chunks/1ldn_next_dist_06gedf1._.js:776
[   54830ms] [LOG] [Fast Refresh] done in 258ms @ http://localhost:3000/_next/static/chunks/1ldn_next_dist_06gedf1._.js:776
[   54905ms] [LOG] [Fast Refresh] done in 258ms @ http://localhost:3000/_next/static/chunks/1ldn_next_dist_06gedf1._.js:776
[   54967ms] [LOG] [Fast Refresh] done in 258ms @ http://localhost:3000/_next/static/chunks/1ldn_next_dist_06gedf1._.js:776
[   55029ms] [LOG] [Fast Refresh] done in 258ms @ http://localhost:3000/_next/static/chunks/1ldn_next_dist_06gedf1._.js:776
[   55094ms] [LOG] [Fast Refresh] done in 258ms @ http://localhost:3000/_next/static/chunks/1ldn_next_dist_06gedf1._.js:776
[   55174ms] [LOG] [Fast Refresh] done in 258ms @ http://localhost:3000/_next/static/chunks/1ldn_next_dist_06gedf1._.js:776
[   55234ms] [LOG] [Fast Refresh] done in 258ms @ http://localhost:3000/_next/static/chunks/1ldn_next_dist_06gedf1._.js:776
[   55298ms] [LOG] [Fast Refresh] done in 258ms @ http://localhost:3000/_next/static/chunks/1ldn_next_dist_06gedf1._.js:776
[   55361ms] [LOG] [Fast Refresh] done in 258ms @ http://localhost:3000/_next/static/chunks/1ldn_next_dist_06gedf1._.js:776
[   55423ms] [LOG] [Fast Refresh] done in 258ms @ http://localhost:3000/_next/static/chunks/1ldn_next_dist_06gedf1._.js:776
[   55486ms] [LOG] [Fast Refresh] done in 258ms @ http://localhost:3000/_next/static/chunks/1ldn_next_dist_06gedf1._.js:776
[   55548ms] [LOG] [Fast Refresh] done in 258ms @ http://localhost:3000/_next/static/chunks/1ldn_next_dist_06gedf1._.js:776
[   55612ms] [LOG] [Fast Refresh] done in 258ms @ http://localhost:3000/_next/static/chunks/1ldn_next_dist_06gedf1._.js:776
[   55689ms] [LOG] [Fast Refresh] done in 258ms @ http://localhost:3000/_next/static/chunks/1ldn_next_dist_06gedf1._.js:776
[   55751ms] [LOG] [Fast Refresh] done in 258ms @ http://localhost:3000/_next/static/chunks/1ldn_next_dist_06gedf1._.js:776
[   55812ms] [LOG] [Fast Refresh] done in 258ms @ http://localhost:3000/_next/static/chunks/1ldn_next_dist_06gedf1._.js:776
[   55890ms] [LOG] [Fast Refresh] done in 258ms @ http://localhost:3000/_next/static/chunks/1ldn_next_dist_06gedf1._.js:776
[   55953ms] [LOG] [Fast Refresh] done in 258ms @ http://localhost:3000/_next/static/chunks/1ldn_next_dist_06gedf1._.js:776
[   56029ms] [LOG] [Fast Refresh] done in 258ms @ http://localhost:3000/_next/static/chunks/1ldn_next_dist_06gedf1._.js:776
[   56107ms] [LOG] [Fast Refresh] done in 258ms @ http://localhost:3000/_next/static/chunks/1ldn_next_dist_06gedf1._.js:776
[   56173ms] [LOG] [Fast Refresh] done in 258ms @ http://localhost:3000/_next/static/chunks/1ldn_next_dist_06gedf1._.js:776
[   56235ms] [LOG] [Fast Refresh] done in 258ms @ http://localhost:3000/_next/static/chunks/1ldn_next_dist_06gedf1._.js:776
[   56298ms] [LOG] [Fast Refresh] done in 258ms @ http://localhost:3000/_next/static/chunks/1ldn_next_dist_06gedf1._.js:776
[   56360ms] [LOG] [Fast Refresh] done in 258ms @ http://localhost:3000/_next/static/chunks/1ldn_next_dist_06gedf1._.js:776
[   56436ms] [LOG] [Fast Refresh] done in 258ms @ http://localhost:3000/_next/static/chunks/1ldn_next_dist_06gedf1._.js:776
[   56497ms] [LOG] [Fast Refresh] done in 258ms @ http://localhost:3000/_next/static/chunks/1ldn_next_dist_06gedf1._.js:776
[   56560ms] [LOG] [Fast Refresh] done in 258ms @ http://localhost:3000/_next/static/chunks/1ldn_next_dist_06gedf1._.js:776
[   56638ms] [LOG] [Fast Refresh] done in 258ms @ http://localhost:3000/_next/static/chunks/1ldn_next_dist_06gedf1._.js:776
[   56701ms] [LOG] [Fast Refresh] done in 258ms @ http://localhost:3000/_next/static/chunks/1ldn_next_dist_06gedf1._.js:776
[   56764ms] [LOG] [Fast Refresh] done in 258ms @ http://localhost:3000/_next/static/chunks/1ldn_next_dist_06gedf1._.js:776
[   56844ms] [LOG] [Fast Refresh] done in 258ms @ http://localhost:3000/_next/static/chunks/1ldn_next_dist_06gedf1._.js:776
[   56905ms] [LOG] [Fast Refresh] done in 258ms @ http://localhost:3000/_next/static/chunks/1ldn_next_dist_06gedf1._.js:776
[   56968ms] [LOG] [Fast Refresh] done in 258ms @ http://localhost:3000/_next/static/chunks/1ldn_next_dist_06gedf1._.js:776
[   57030ms] [LOG] [Fast Refresh] done in 258ms @ http://localhost:3000/_next/static/chunks/1ldn_next_dist_06gedf1._.js:776
[   57093ms] [LOG] [Fast Refresh] done in 258ms @ http://localhost:3000/_next/static/chunks/1ldn_next_dist_06gedf1._.js:776
[   57155ms] [LOG] [Fast Refresh] done in 258ms @ http://localhost:3000/_next/static/chunks/1ldn_next_dist_06gedf1._.js:776
[   57216ms] [LOG] [Fast Refresh] done in 258ms @ http://localhost:3000/_next/static/chunks/1ldn_next_dist_06gedf1._.js:776
[   57279ms] [LOG] [Fast Refresh] done in 258ms @ http://localhost:3000/_next/static/chunks/1ldn_next_dist_06gedf1._.js:776
[   57342ms] [LOG] [Fast Refresh] done in 258ms @ http://localhost:3000/_next/static/chunks/1ldn_next_dist_06gedf1._.js:776
[   57403ms] [LOG] [Fast Refresh] done in 258ms @ http://localhost:3000/_next/static/chunks/1ldn_next_dist_06gedf1._.js:776
[   57466ms] [LOG] [Fast Refresh] done in 258ms @ http://localhost:3000/_next/static/chunks/1ldn_next_dist_06gedf1._.js:776
[   57528ms] [LOG] [Fast Refresh] done in 258ms @ http://localhost:3000/_next/static/chunks/1ldn_next_dist_06gedf1._.js:776
[   57607ms] [LOG] [Fast Refresh] done in 258ms @ http://localhost:3000/_next/static/chunks/1ldn_next_dist_06gedf1._.js:776
[   57692ms] [LOG] [Fast Refresh] done in 258ms @ http://localhost:3000/_next/static/chunks/1ldn_next_dist_06gedf1._.js:776
[   57754ms] [LOG] [Fast Refresh] done in 258ms @ http://localhost:3000/_next/static/chunks/1ldn_next_dist_06gedf1._.js:776
[   57816ms] [LOG] [Fast Refresh] done in 258ms @ http://localhost:3000/_next/static/chunks/1ldn_next_dist_06gedf1._.js:776
[   57879ms] [LOG] [Fast Refresh] done in 258ms @ http://localhost:3000/_next/static/chunks/1ldn_next_dist_06gedf1._.js:776
[   57957ms] [LOG] [Fast Refresh] done in 258ms @ http://localhost:3000/_next/static/chunks/1ldn_next_dist_06gedf1._.js:776
[   58019ms] [LOG] [Fast Refresh] done in 258ms @ http://localhost:3000/_next/static/chunks/1ldn_next_dist_06gedf1._.js:776
[   58081ms] [LOG] [Fast Refresh] done in 258ms @ http://localhost:3000/_next/static/chunks/1ldn_next_dist_06gedf1._.js:776
[   58144ms] [LOG] [Fast Refresh] done in 258ms @ http://localhost:3000/_next/static/chunks/1ldn_next_dist_06gedf1._.js:776
[   58221ms] [LOG] [Fast Refresh] done in 258ms @ http://localhost:3000/_next/static/chunks/1ldn_next_dist_06gedf1._.js:776
[   58285ms] [LOG] [Fast Refresh] done in 258ms @ http://localhost:3000/_next/static/chunks/1ldn_next_dist_06gedf1._.js:776
[   58349ms] [LOG] [Fast Refresh] done in 258ms @ http://localhost:3000/_next/static/chunks/1ldn_next_dist_06gedf1._.js:776
[   58431ms] [LOG] [Fast Refresh] done in 258ms @ http://localhost:3000/_next/static/chunks/1ldn_next_dist_06gedf1._.js:776
[   58523ms] [LOG] [Fast Refresh] done in 258ms @ http://localhost:3000/_next/static/chunks/1ldn_next_dist_06gedf1._.js:776
[   58599ms] [LOG] [Fast Refresh] done in 258ms @ http://localhost:3000/_next/static/chunks/1ldn_next_dist_06gedf1._.js:776
[   58664ms] [LOG] [Fast Refresh] done in 258ms @ http://localhost:3000/_next/static/chunks/1ldn_next_dist_06gedf1._.js:776
[   58756ms] [LOG] [Fast Refresh] done in 258ms @ http://localhost:3000/_next/static/chunks/1ldn_next_dist_06gedf1._.js:776
[   58835ms] [LOG] [Fast Refresh] done in 258ms @ http://localhost:3000/_next/static/chunks/1ldn_next_dist_06gedf1._.js:776
[   58899ms] [LOG] [Fast Refresh] done in 258ms @ http://localhost:3000/_next/static/chunks/1ldn_next_dist_06gedf1._.js:776
[   58960ms] [LOG] [Fast Refresh] done in 258ms @ http://localhost:3000/_next/static/chunks/1ldn_next_dist_06gedf1._.js:776
[   59024ms] [LOG] [Fast Refresh] done in 258ms @ http://localhost:3000/_next/static/chunks/1ldn_next_dist_06gedf1._.js:776
[   59087ms] [LOG] [Fast Refresh] done in 258ms @ http://localhost:3000/_next/static/chunks/1ldn_next_dist_06gedf1._.js:776
[   59150ms] [LOG] [Fast Refresh] done in 258ms @ http://localhost:3000/_next/static/chunks/1ldn_next_dist_06gedf1._.js:776
[   59214ms] [LOG] [Fast Refresh] done in 258ms @ http://localhost:3000/_next/static/chunks/1ldn_next_dist_06gedf1._.js:776
[   59273ms] [LOG] [Fast Refresh] done in 258ms @ http://localhost:3000/_next/static/chunks/1ldn_next_dist_06gedf1._.js:776
[   59336ms] [LOG] [Fast Refresh] done in 258ms @ http://localhost:3000/_next/static/chunks/1ldn_next_dist_06gedf1._.js:776
[   59421ms] [LOG] [Fast Refresh] done in 258ms @ http://localhost:3000/_next/static/chunks/1ldn_next_dist_06gedf1._.js:776
[   59508ms] [LOG] [Fast Refresh] done in 258ms @ http://localhost:3000/_next/static/chunks/1ldn_next_dist_06gedf1._.js:776
[   59571ms] [LOG] [Fast Refresh] done in 258ms @ http://localhost:3000/_next/static/chunks/1ldn_next_dist_06gedf1._.js:776
[   59813ms] [LOG] [Fast Refresh] rebuilding @ http://localhost:3000/_next/static/chunks/1ldn_next_dist_06gedf1._.js:776
[   60279ms] [LOG] [Fast Refresh] done in 380ms @ http://localhost:3000/_next/static/chunks/1ldn_next_dist_06gedf1._.js:776
[   60502ms] [LOG] [Fast Refresh] rebuilding @ http://localhost:3000/_next/static/chunks/1ldn_next_dist_06gedf1._.js:776
[   61653ms] [LOG] [Fast Refresh] done in 1135ms @ http://localhost:3000/_next/static/chunks/1ldn_next_dist_06gedf1._.js:776
[   61967ms] [LOG] [Fast Refresh] rebuilding @ http://localhost:3000/_next/static/chunks/1ldn_next_dist_06gedf1._.js:776
[   62001ms] [LOG] [Fast Refresh] done in 134ms @ http://localhost:3000/_next/static/chunks/1ldn_next_dist_06gedf1._.js:776
