[     472ms] [INFO] %cDownload the React DevTools for a better development experience: https://react.dev/link/react-devtools font-weight:bold @ http://localhost:3000/_next/static/chunks/1ldn_next_dist_06gedf1._.js:776
[     598ms] [LOG] [HMR] connected @ http://localhost:3000/_next/static/chunks/1ldn_next_dist_06gedf1._.js:776
[    1574ms] [INFO] %cDownload the React DevTools for a better development experience: https://react.dev/link/react-devtools font-weight:bold @ http://localhost:3000/_next/static/chunks/1ldn_next_dist_06gedf1._.js:776
[    1616ms] [LOG] [HMR] connected @ http://localhost:3000/_next/static/chunks/1ldn_next_dist_06gedf1._.js:776
[    2505ms] [LOG] [Fast Refresh] rebuilding @ http://localhost:3000/_next/static/chunks/1ldn_next_dist_06gedf1._.js:776
[    2612ms] [LOG] [Fast Refresh] done in 213ms @ http://localhost:3000/_next/static/chunks/1ldn_next_dist_06gedf1._.js:776
[    2988ms] [INFO] %cDownload the React DevTools for a better development experience: https://react.dev/link/react-devtools font-weight:bold @ http://localhost:3000/_next/static/chunks/1ldn_next_dist_06gedf1._.js:776
[    3022ms] [LOG] [HMR] connected @ http://localhost:3000/_next/static/chunks/1ldn_next_dist_06gedf1._.js:776
[    3969ms] [LOG] [Fast Refresh] rebuilding @ http://localhost:3000/_next/static/chunks/1ldn_next_dist_06gedf1._.js:776
[    4171ms] [LOG] [Fast Refresh] done in 303ms @ http://localhost:3000/_next/static/chunks/1ldn_next_dist_06gedf1._.js:776
[    4265ms] [INFO] %cDownload the React DevTools for a better development experience: https://react.dev/link/react-devtools font-weight:bold @ http://localhost:3000/_next/static/chunks/1ldn_next_dist_06gedf1._.js:776
[    4282ms] [LOG] [HMR] connected @ http://localhost:3000/_next/static/chunks/1ldn_next_dist_06gedf1._.js:776
[    5169ms] [LOG] [Fast Refresh] rebuilding @ http://localhost:3000/_next/static/chunks/1ldn_next_dist_06gedf1._.js:776
[    5449ms] [LOG] [Fast Refresh] done in 380ms @ http://localhost:3000/_next/static/chunks/1ldn_next_dist_06gedf1._.js:776
[    5714ms] [INFO] %cDownload the React DevTools for a better development experience: https://react.dev/link/react-devtools font-weight:bold @ http://localhost:3000/_next/static/chunks/1ldn_next_dist_06gedf1._.js:776
[    5757ms] [LOG] [HMR] connected @ http://localhost:3000/_next/static/chunks/1ldn_next_dist_06gedf1._.js:776
[    6654ms] [LOG] [Fast Refresh] rebuilding @ http://localhost:3000/_next/static/chunks/1ldn_next_dist_06gedf1._.js:776
[    6909ms] [LOG] [Fast Refresh] done in 372ms @ http://localhost:3000/_next/static/chunks/1ldn_next_dist_06gedf1._.js:776
[    7060ms] [INFO] %cDownload the React DevTools for a better development experience: https://react.dev/link/react-devtools font-weight:bold @ http://localhost:3000/_next/static/chunks/1ldn_next_dist_06gedf1._.js:776
[    7112ms] [LOG] [HMR] connected @ http://localhost:3000/_next/static/chunks/1ldn_next_dist_06gedf1._.js:776
[    8004ms] [LOG] [Fast Refresh] rebuilding @ http://localhost:3000/_next/static/chunks/1ldn_next_dist_06gedf1._.js:776
[    8310ms] [LOG] [Fast Refresh] done in 410ms @ http://localhost:3000/_next/static/chunks/1ldn_next_dist_06gedf1._.js:776
[    8539ms] [INFO] %cDownload the React DevTools for a better development experience: https://react.dev/link/react-devtools font-weight:bold @ http://localhost:3000/_next/static/chunks/1ldn_next_dist_06gedf1._.js:776
[    8590ms] [LOG] [HMR] connected @ http://localhost:3000/_next/static/chunks/1ldn_next_dist_06gedf1._.js:776
[    9515ms] [LOG] [Fast Refresh] rebuilding @ http://localhost:3000/_next/static/chunks/1ldn_next_dist_06gedf1._.js:776
[    9610ms] [LOG] [Fast Refresh] done in 196ms @ http://localhost:3000/_next/static/chunks/1ldn_next_dist_06gedf1._.js:776
[   10187ms] [INFO] %cDownload the React DevTools for a better development experience: https://react.dev/link/react-devtools font-weight:bold @ http://localhost:3000/_next/static/chunks/1ldn_next_dist_06gedf1._.js:776
[   10211ms] [LOG] [HMR] connected @ http://localhost:3000/_next/static/chunks/1ldn_next_dist_06gedf1._.js:776
