[     633ms] [INFO] %cDownload the React DevTools for a better development experience: https://react.dev/link/react-devtools font-weight:bold @ http://localhost:3000/_next/static/chunks/1ldn_next_dist_06gedf1._.js:776
[     793ms] [LOG] [HMR] connected @ http://localhost:3000/_next/static/chunks/1ldn_next_dist_06gedf1._.js:776
[     998ms] [LOG] [Fast Refresh] rebuilding @ http://localhost:3000/_next/static/chunks/1ldn_next_dist_06gedf1._.js:776
[    1016ms] [LOG] [Fast Refresh] done in 144ms @ http://localhost:3000/_next/static/chunks/1ldn_next_dist_06gedf1._.js:776
[    1606ms] [INFO] %cDownload the React DevTools for a better development experience: https://react.dev/link/react-devtools font-weight:bold @ http://localhost:3000/_next/static/chunks/1ldn_next_dist_06gedf1._.js:776
[    1663ms] [LOG] [HMR] connected @ http://localhost:3000/_next/static/chunks/1ldn_next_dist_06gedf1._.js:776
[    2524ms] [INFO] %cDownload the React DevTools for a better development experience: https://react.dev/link/react-devtools font-weight:bold @ http://localhost:3000/_next/static/chunks/1ldn_next_dist_06gedf1._.js:776
[    2554ms] [LOG] [HMR] connected @ http://localhost:3000/_next/static/chunks/1ldn_next_dist_06gedf1._.js:776
[    3726ms] [INFO] %cDownload the React DevTools for a better development experience: https://react.dev/link/react-devtools font-weight:bold @ http://localhost:3000/_next/static/chunks/1ldn_next_dist_06gedf1._.js:776
[    3800ms] [LOG] [HMR] connected @ http://localhost:3000/_next/static/chunks/1ldn_next_dist_06gedf1._.js:776
[    4653ms] [INFO] %cDownload the React DevTools for a better development experience: https://react.dev/link/react-devtools font-weight:bold @ http://localhost:3000/_next/static/chunks/1ldn_next_dist_06gedf1._.js:776
[    4705ms] [LOG] [HMR] connected @ http://localhost:3000/_next/static/chunks/1ldn_next_dist_06gedf1._.js:776
[    5703ms] [INFO] %cDownload the React DevTools for a better development experience: https://react.dev/link/react-devtools font-weight:bold @ http://localhost:3000/_next/static/chunks/1ldn_next_dist_06gedf1._.js:776
[    5735ms] [LOG] [HMR] connected @ http://localhost:3000/_next/static/chunks/1ldn_next_dist_06gedf1._.js:776
[    6619ms] [INFO] %cDownload the React DevTools for a better development experience: https://react.dev/link/react-devtools font-weight:bold @ http://localhost:3000/_next/static/chunks/1ldn_next_dist_06gedf1._.js:776
[    6696ms] [LOG] [HMR] connected @ http://localhost:3000/_next/static/chunks/1ldn_next_dist_06gedf1._.js:776
[    7689ms] [INFO] %cDownload the React DevTools for a better development experience: https://react.dev/link/react-devtools font-weight:bold @ http://localhost:3000/_next/static/chunks/1ldn_next_dist_06gedf1._.js:776
[    7753ms] [LOG] [HMR] connected @ http://localhost:3000/_next/static/chunks/1ldn_next_dist_06gedf1._.js:776
[    8862ms] [LOG] [Fast Refresh] rebuilding @ http://localhost:3000/_next/static/chunks/1ldn_next_dist_06gedf1._.js:776
[    8889ms] [LOG] [Fast Refresh] done in 140ms @ http://localhost:3000/_next/static/chunks/1ldn_next_dist_06gedf1._.js:776
[   21457ms] [LOG] [Fast Refresh] rebuilding @ http://localhost:3000/_next/static/chunks/1ldn_next_dist_06gedf1._.js:776
[   21789ms] [LOG] [Fast Refresh] done in 360ms @ http://localhost:3000/_next/static/chunks/1ldn_next_dist_06gedf1._.js:776
[   21798ms] [LOG] [Fast Refresh] done in 360ms @ http://localhost:3000/_next/static/chunks/1ldn_next_dist_06gedf1._.js:776
