[     601ms] [INFO] %cDownload the React DevTools for a better development experience: https://react.dev/link/react-devtools font-weight:bold @ http://localhost:3000/_next/static/chunks/1ldn_next_dist_06gedf1._.js:776
[     678ms] [LOG] [HMR] connected @ http://localhost:3000/_next/static/chunks/1ldn_next_dist_06gedf1._.js:776
[     876ms] [LOG] [Fast Refresh] rebuilding @ http://localhost:3000/_next/static/chunks/1ldn_next_dist_06gedf1._.js:776
[    1137ms] [LOG] [Fast Refresh] done in 372ms @ http://localhost:3000/_next/static/chunks/1ldn_next_dist_06gedf1._.js:776
[    1501ms] [LOG] [Fast Refresh] rebuilding @ http://localhost:3000/_next/static/chunks/1ldn_next_dist_06gedf1._.js:776
[    1620ms] [LOG] [Fast Refresh] done in 220ms @ http://localhost:3000/_next/static/chunks/1ldn_next_dist_06gedf1._.js:776
[   31958ms] [LOG] [Fast Refresh] rebuilding @ http://localhost:3000/_next/static/chunks/1ldn_next_dist_06gedf1._.js:776
[   32914ms] [LOG] [Fast Refresh] done in 712ms @ http://localhost:3000/_next/static/chunks/1ldn_next_dist_06gedf1._.js:776
[   32983ms] [LOG] [Fast Refresh] done in 712ms @ http://localhost:3000/_next/static/chunks/1ldn_next_dist_06gedf1._.js:776
[   33050ms] [LOG] [Fast Refresh] done in 712ms @ http://localhost:3000/_next/static/chunks/1ldn_next_dist_06gedf1._.js:776
[   33116ms] [LOG] [Fast Refresh] done in 712ms @ http://localhost:3000/_next/static/chunks/1ldn_next_dist_06gedf1._.js:776
[   33182ms] [LOG] [Fast Refresh] done in 712ms @ http://localhost:3000/_next/static/chunks/1ldn_next_dist_06gedf1._.js:776
[   33249ms] [LOG] [Fast Refresh] done in 712ms @ http://localhost:3000/_next/static/chunks/1ldn_next_dist_06gedf1._.js:776
[   33318ms] [LOG] [Fast Refresh] done in 712ms @ http://localhost:3000/_next/static/chunks/1ldn_next_dist_06gedf1._.js:776
[   33385ms] [LOG] [Fast Refresh] done in 712ms @ http://localhost:3000/_next/static/chunks/1ldn_next_dist_06gedf1._.js:776
[   33448ms] [LOG] [Fast Refresh] done in 712ms @ http://localhost:3000/_next/static/chunks/1ldn_next_dist_06gedf1._.js:776
[   33510ms] [LOG] [Fast Refresh] done in 712ms @ http://localhost:3000/_next/static/chunks/1ldn_next_dist_06gedf1._.js:776
[   33573ms] [LOG] [Fast Refresh] done in 712ms @ http://localhost:3000/_next/static/chunks/1ldn_next_dist_06gedf1._.js:776
[   33649ms] [LOG] [Fast Refresh] done in 712ms @ http://localhost:3000/_next/static/chunks/1ldn_next_dist_06gedf1._.js:776
[   33709ms] [LOG] [Fast Refresh] done in 712ms @ http://localhost:3000/_next/static/chunks/1ldn_next_dist_06gedf1._.js:776
[   33770ms] [LOG] [Fast Refresh] done in 712ms @ http://localhost:3000/_next/static/chunks/1ldn_next_dist_06gedf1._.js:776
[   33830ms] [LOG] [Fast Refresh] done in 712ms @ http://localhost:3000/_next/static/chunks/1ldn_next_dist_06gedf1._.js:776
[   33893ms] [LOG] [Fast Refresh] done in 712ms @ http://localhost:3000/_next/static/chunks/1ldn_next_dist_06gedf1._.js:776
[   33960ms] [LOG] [Fast Refresh] done in 712ms @ http://localhost:3000/_next/static/chunks/1ldn_next_dist_06gedf1._.js:776
[   34027ms] [LOG] [Fast Refresh] done in 712ms @ http://localhost:3000/_next/static/chunks/1ldn_next_dist_06gedf1._.js:776
[   34089ms] [LOG] [Fast Refresh] done in 712ms @ http://localhost:3000/_next/static/chunks/1ldn_next_dist_06gedf1._.js:776
[   34145ms] [LOG] [Fast Refresh] done in 712ms @ http://localhost:3000/_next/static/chunks/1ldn_next_dist_06gedf1._.js:776
[   34209ms] [LOG] [Fast Refresh] done in 712ms @ http://localhost:3000/_next/static/chunks/1ldn_next_dist_06gedf1._.js:776
[   34279ms] [LOG] [Fast Refresh] done in 712ms @ http://localhost:3000/_next/static/chunks/1ldn_next_dist_06gedf1._.js:776
[   34347ms] [LOG] [Fast Refresh] done in 712ms @ http://localhost:3000/_next/static/chunks/1ldn_next_dist_06gedf1._.js:776
[   34414ms] [LOG] [Fast Refresh] done in 712ms @ http://localhost:3000/_next/static/chunks/1ldn_next_dist_06gedf1._.js:776
[   34479ms] [LOG] [Fast Refresh] done in 712ms @ http://localhost:3000/_next/static/chunks/1ldn_next_dist_06gedf1._.js:776
[   34546ms] [LOG] [Fast Refresh] done in 712ms @ http://localhost:3000/_next/static/chunks/1ldn_next_dist_06gedf1._.js:776
[   34613ms] [LOG] [Fast Refresh] done in 712ms @ http://localhost:3000/_next/static/chunks/1ldn_next_dist_06gedf1._.js:776
[   34679ms] [LOG] [Fast Refresh] done in 712ms @ http://localhost:3000/_next/static/chunks/1ldn_next_dist_06gedf1._.js:776
[   34747ms] [LOG] [Fast Refresh] done in 712ms @ http://localhost:3000/_next/static/chunks/1ldn_next_dist_06gedf1._.js:776
[   34813ms] [LOG] [Fast Refresh] done in 712ms @ http://localhost:3000/_next/static/chunks/1ldn_next_dist_06gedf1._.js:776
[   34880ms] [LOG] [Fast Refresh] done in 712ms @ http://localhost:3000/_next/static/chunks/1ldn_next_dist_06gedf1._.js:776
[   34946ms] [LOG] [Fast Refresh] done in 712ms @ http://localhost:3000/_next/static/chunks/1ldn_next_dist_06gedf1._.js:776
[   35013ms] [LOG] [Fast Refresh] done in 712ms @ http://localhost:3000/_next/static/chunks/1ldn_next_dist_06gedf1._.js:776
[   35080ms] [LOG] [Fast Refresh] done in 712ms @ http://localhost:3000/_next/static/chunks/1ldn_next_dist_06gedf1._.js:776
[   35144ms] [LOG] [Fast Refresh] done in 712ms @ http://localhost:3000/_next/static/chunks/1ldn_next_dist_06gedf1._.js:776
[   35210ms] [LOG] [Fast Refresh] done in 712ms @ http://localhost:3000/_next/static/chunks/1ldn_next_dist_06gedf1._.js:776
[   35280ms] [LOG] [Fast Refresh] done in 712ms @ http://localhost:3000/_next/static/chunks/1ldn_next_dist_06gedf1._.js:776
[   35347ms] [LOG] [Fast Refresh] done in 712ms @ http://localhost:3000/_next/static/chunks/1ldn_next_dist_06gedf1._.js:776
[   35413ms] [LOG] [Fast Refresh] done in 712ms @ http://localhost:3000/_next/static/chunks/1ldn_next_dist_06gedf1._.js:776
[   35479ms] [LOG] [Fast Refresh] done in 712ms @ http://localhost:3000/_next/static/chunks/1ldn_next_dist_06gedf1._.js:776
[   35545ms] [LOG] [Fast Refresh] done in 712ms @ http://localhost:3000/_next/static/chunks/1ldn_next_dist_06gedf1._.js:776
[   35613ms] [LOG] [Fast Refresh] done in 712ms @ http://localhost:3000/_next/static/chunks/1ldn_next_dist_06gedf1._.js:776
[   35678ms] [LOG] [Fast Refresh] done in 712ms @ http://localhost:3000/_next/static/chunks/1ldn_next_dist_06gedf1._.js:776
[   35747ms] [LOG] [Fast Refresh] done in 712ms @ http://localhost:3000/_next/static/chunks/1ldn_next_dist_06gedf1._.js:776
[   35812ms] [LOG] [Fast Refresh] done in 712ms @ http://localhost:3000/_next/static/chunks/1ldn_next_dist_06gedf1._.js:776
[   35878ms] [LOG] [Fast Refresh] done in 712ms @ http://localhost:3000/_next/static/chunks/1ldn_next_dist_06gedf1._.js:776
[   35947ms] [LOG] [Fast Refresh] done in 712ms @ http://localhost:3000/_next/static/chunks/1ldn_next_dist_06gedf1._.js:776
[   36011ms] [LOG] [Fast Refresh] done in 712ms @ http://localhost:3000/_next/static/chunks/1ldn_next_dist_06gedf1._.js:776
[   36079ms] [LOG] [Fast Refresh] done in 712ms @ http://localhost:3000/_next/static/chunks/1ldn_next_dist_06gedf1._.js:776
[   36142ms] [LOG] [Fast Refresh] done in 712ms @ http://localhost:3000/_next/static/chunks/1ldn_next_dist_06gedf1._.js:776
[   36211ms] [LOG] [Fast Refresh] done in 712ms @ http://localhost:3000/_next/static/chunks/1ldn_next_dist_06gedf1._.js:776
[   36278ms] [LOG] [Fast Refresh] done in 712ms @ http://localhost:3000/_next/static/chunks/1ldn_next_dist_06gedf1._.js:776
[   36344ms] [LOG] [Fast Refresh] done in 712ms @ http://localhost:3000/_next/static/chunks/1ldn_next_dist_06gedf1._.js:776
[   36411ms] [LOG] [Fast Refresh] done in 712ms @ http://localhost:3000/_next/static/chunks/1ldn_next_dist_06gedf1._.js:776
[   36497ms] [LOG] [Fast Refresh] done in 712ms @ http://localhost:3000/_next/static/chunks/1ldn_next_dist_06gedf1._.js:776
[   36561ms] [LOG] [Fast Refresh] done in 712ms @ http://localhost:3000/_next/static/chunks/1ldn_next_dist_06gedf1._.js:776
[   36628ms] [LOG] [Fast Refresh] done in 712ms @ http://localhost:3000/_next/static/chunks/1ldn_next_dist_06gedf1._.js:776
[   36695ms] [LOG] [Fast Refresh] done in 712ms @ http://localhost:3000/_next/static/chunks/1ldn_next_dist_06gedf1._.js:776
[   36761ms] [LOG] [Fast Refresh] done in 712ms @ http://localhost:3000/_next/static/chunks/1ldn_next_dist_06gedf1._.js:776
[   36829ms] [LOG] [Fast Refresh] done in 712ms @ http://localhost:3000/_next/static/chunks/1ldn_next_dist_06gedf1._.js:776
[   36890ms] [LOG] [Fast Refresh] done in 712ms @ http://localhost:3000/_next/static/chunks/1ldn_next_dist_06gedf1._.js:776
[   36957ms] [LOG] [Fast Refresh] done in 712ms @ http://localhost:3000/_next/static/chunks/1ldn_next_dist_06gedf1._.js:776
[   37026ms] [LOG] [Fast Refresh] done in 712ms @ http://localhost:3000/_next/static/chunks/1ldn_next_dist_06gedf1._.js:776
[   37092ms] [LOG] [Fast Refresh] done in 712ms @ http://localhost:3000/_next/static/chunks/1ldn_next_dist_06gedf1._.js:776
[   37158ms] [LOG] [Fast Refresh] done in 712ms @ http://localhost:3000/_next/static/chunks/1ldn_next_dist_06gedf1._.js:776
[   37223ms] [LOG] [Fast Refresh] done in 712ms @ http://localhost:3000/_next/static/chunks/1ldn_next_dist_06gedf1._.js:776
[   37290ms] [LOG] [Fast Refresh] done in 712ms @ http://localhost:3000/_next/static/chunks/1ldn_next_dist_06gedf1._.js:776
[   37394ms] [LOG] [Fast Refresh] done in 712ms @ http://localhost:3000/_next/static/chunks/1ldn_next_dist_06gedf1._.js:776
[   37608ms] [LOG] [Fast Refresh] rebuilding @ http://localhost:3000/_next/static/chunks/1ldn_next_dist_06gedf1._.js:776
[   38207ms] [LOG] [Fast Refresh] done in 476ms @ http://localhost:3000/_next/static/chunks/1ldn_next_dist_06gedf1._.js:776
