[    1045ms] [INFO] %cDownload the React DevTools for a better development experience: https://react.dev/link/react-devtools font-weight:bold @ http://localhost:3000/_next/static/chunks/1ldn_next_dist_06gedf1._.js:776
[    1112ms] [LOG] [HMR] connected @ http://localhost:3000/_next/static/chunks/1ldn_next_dist_06gedf1._.js:776
[    1299ms] [LOG] [Fast Refresh] rebuilding @ http://localhost:3000/_next/static/chunks/1ldn_next_dist_06gedf1._.js:776
[    7518ms] [LOG] [Fast Refresh] done in 6328ms @ http://localhost:3000/_next/static/chunks/1ldn_next_dist_06gedf1._.js:776
[    7772ms] [INFO] %cDownload the React DevTools for a better development experience: https://react.dev/link/react-devtools font-weight:bold @ http://localhost:3000/_next/static/chunks/1ldn_next_dist_06gedf1._.js:776
[    7829ms] [LOG] [HMR] connected @ http://localhost:3000/_next/static/chunks/1ldn_next_dist_06gedf1._.js:776
[    8553ms] [INFO] %cDownload the React DevTools for a better development experience: https://react.dev/link/react-devtools font-weight:bold @ http://localhost:3000/_next/static/chunks/1ldn_next_dist_06gedf1._.js:776
[    8643ms] [LOG] [HMR] connected @ http://localhost:3000/_next/static/chunks/1ldn_next_dist_06gedf1._.js:776
[    9171ms] [WARNING] Allow attribute will take precedence over 'allowfullscreen'. @ http://localhost:3000/recce:24
[    9264ms] [INFO] %cDownload the React DevTools for a better development experience: https://react.dev/link/react-devtools font-weight:bold @ http://localhost:3000/_next/static/chunks/1ldn_next_dist_06gedf1._.js:776
[    9356ms] [LOG] [HMR] connected @ http://localhost:3000/_next/static/chunks/1ldn_next_dist_06gedf1._.js:776
[   10095ms] [INFO] %cDownload the React DevTools for a better development experience: https://react.dev/link/react-devtools font-weight:bold @ http://localhost:3000/_next/static/chunks/1ldn_next_dist_06gedf1._.js:776
[   10131ms] [LOG] [HMR] connected @ http://localhost:3000/_next/static/chunks/1ldn_next_dist_06gedf1._.js:776
[   10609ms] [INFO] %cDownload the React DevTools for a better development experience: https://react.dev/link/react-devtools font-weight:bold @ http://localhost:3000/_next/static/chunks/1ldn_next_dist_06gedf1._.js:776
[   10669ms] [LOG] [HMR] connected @ http://localhost:3000/_next/static/chunks/1ldn_next_dist_06gedf1._.js:776
[   11029ms] [LOG] [Fast Refresh] rebuilding @ http://localhost:3000/_next/static/chunks/1ldn_next_dist_06gedf1._.js:776
[   11043ms] [LOG] [Fast Refresh] done in 119ms @ http://localhost:3000/_next/static/chunks/1ldn_next_dist_06gedf1._.js:776
[   11361ms] [WARNING] Allow attribute will take precedence over 'allowfullscreen'. @ http://localhost:3000/studios/empty-studio:24
[   11502ms] [INFO] %cDownload the React DevTools for a better development experience: https://react.dev/link/react-devtools font-weight:bold @ http://localhost:3000/_next/static/chunks/1ldn_next_dist_06gedf1._.js:776
[   11551ms] [LOG] [HMR] connected @ http://localhost:3000/_next/static/chunks/1ldn_next_dist_06gedf1._.js:776
[   12176ms] [WARNING] Allow attribute will take precedence over 'allowfullscreen'. @ http://localhost:3000/studios/green-screen-studio:24
[   12280ms] [INFO] %cDownload the React DevTools for a better development experience: https://react.dev/link/react-devtools font-weight:bold @ http://localhost:3000/_next/static/chunks/1ldn_next_dist_06gedf1._.js:776
[   12313ms] [LOG] [HMR] connected @ http://localhost:3000/_next/static/chunks/1ldn_next_dist_06gedf1._.js:776
[   12896ms] [WARNING] Allow attribute will take precedence over 'allowfullscreen'. @ http://localhost:3000/studios/the-house-setup:24
[   12986ms] [INFO] %cDownload the React DevTools for a better development experience: https://react.dev/link/react-devtools font-weight:bold @ http://localhost:3000/_next/static/chunks/1ldn_next_dist_06gedf1._.js:776
[   13028ms] [LOG] [HMR] connected @ http://localhost:3000/_next/static/chunks/1ldn_next_dist_06gedf1._.js:776
[   13559ms] [WARNING] Allow attribute will take precedence over 'allowfullscreen'. @ http://localhost:3000/studios/white-cyclorama:24
[   13665ms] [INFO] %cDownload the React DevTools for a better development experience: https://react.dev/link/react-devtools font-weight:bold @ http://localhost:3000/_next/static/chunks/1ldn_next_dist_06gedf1._.js:776
[   13712ms] [LOG] [HMR] connected @ http://localhost:3000/_next/static/chunks/1ldn_next_dist_06gedf1._.js:776
[   13932ms] [LOG] [Fast Refresh] rebuilding @ http://localhost:3000/_next/static/chunks/1ldn_next_dist_06gedf1._.js:776
[   13958ms] [LOG] [Fast Refresh] done in 129ms @ http://localhost:3000/_next/static/chunks/1ldn_next_dist_06gedf1._.js:776
[   14225ms] [WARNING] Allow attribute will take precedence over 'allowfullscreen'. @ http://localhost:3000/studios/podcast-setup:24
[   14389ms] [INFO] %cDownload the React DevTools for a better development experience: https://react.dev/link/react-devtools font-weight:bold @ http://localhost:3000/_next/static/chunks/1ldn_next_dist_06gedf1._.js:776
[   14516ms] [LOG] [HMR] connected @ http://localhost:3000/_next/static/chunks/1ldn_next_dist_06gedf1._.js:776
[   14776ms] [WARNING] Allow attribute will take precedence over 'allowfullscreen'. @ http://localhost:3000/studios/garden-area:24
[   14871ms] [INFO] %cDownload the React DevTools for a better development experience: https://react.dev/link/react-devtools font-weight:bold @ http://localhost:3000/_next/static/chunks/1ldn_next_dist_06gedf1._.js:776
[   14908ms] [LOG] [HMR] connected @ http://localhost:3000/_next/static/chunks/1ldn_next_dist_06gedf1._.js:776
[   15404ms] [WARNING] Allow attribute will take precedence over 'allowfullscreen'. @ http://localhost:3000/studios/lawn-area:24
[   15541ms] [INFO] %cDownload the React DevTools for a better development experience: https://react.dev/link/react-devtools font-weight:bold @ http://localhost:3000/_next/static/chunks/1ldn_next_dist_06gedf1._.js:776
[   15600ms] [LOG] [HMR] connected @ http://localhost:3000/_next/static/chunks/1ldn_next_dist_06gedf1._.js:776
[   16037ms] [INFO] %cDownload the React DevTools for a better development experience: https://react.dev/link/react-devtools font-weight:bold @ http://localhost:3000/_next/static/chunks/1ldn_next_dist_06gedf1._.js:776
[   16084ms] [LOG] [HMR] connected @ http://localhost:3000/_next/static/chunks/1ldn_next_dist_06gedf1._.js:776
[   16565ms] [INFO] %cDownload the React DevTools for a better development experience: https://react.dev/link/react-devtools font-weight:bold @ http://localhost:3000/_next/static/chunks/1ldn_next_dist_06gedf1._.js:776
[   16652ms] [LOG] [HMR] connected @ http://localhost:3000/_next/static/chunks/1ldn_next_dist_06gedf1._.js:776
[   17001ms] [INFO] %cDownload the React DevTools for a better development experience: https://react.dev/link/react-devtools font-weight:bold @ http://localhost:3000/_next/static/chunks/1ldn_next_dist_06gedf1._.js:776
[   17197ms] [LOG] [HMR] connected @ http://localhost:3000/_next/static/chunks/1ldn_next_dist_06gedf1._.js:776
[   17299ms] [WARNING] Allow attribute will take precedence over 'allowfullscreen'. @ http://localhost:3000/recce:24
[   17398ms] [INFO] %cDownload the React DevTools for a better development experience: https://react.dev/link/react-devtools font-weight:bold @ http://localhost:3000/_next/static/chunks/1ldn_next_dist_06gedf1._.js:776
[   17673ms] [LOG] [HMR] connected @ http://localhost:3000/_next/static/chunks/1ldn_next_dist_06gedf1._.js:776
[   17957ms] [INFO] %cDownload the React DevTools for a better development experience: https://react.dev/link/react-devtools font-weight:bold @ http://localhost:3000/_next/static/chunks/1ldn_next_dist_06gedf1._.js:776
[   18075ms] [LOG] [HMR] connected @ http://localhost:3000/_next/static/chunks/1ldn_next_dist_06gedf1._.js:776
[   18395ms] [INFO] %cDownload the React DevTools for a better development experience: https://react.dev/link/react-devtools font-weight:bold @ http://localhost:3000/_next/static/chunks/1ldn_next_dist_06gedf1._.js:776
[   18447ms] [LOG] [HMR] connected @ http://localhost:3000/_next/static/chunks/1ldn_next_dist_06gedf1._.js:776
[   18925ms] [WARNING] Allow attribute will take precedence over 'allowfullscreen'. @ http://localhost:3000/studios/empty-studio:24
[   19026ms] [INFO] %cDownload the React DevTools for a better development experience: https://react.dev/link/react-devtools font-weight:bold @ http://localhost:3000/_next/static/chunks/1ldn_next_dist_06gedf1._.js:776
[   19074ms] [LOG] [HMR] connected @ http://localhost:3000/_next/static/chunks/1ldn_next_dist_06gedf1._.js:776
[   19566ms] [WARNING] Allow attribute will take precedence over 'allowfullscreen'. @ http://localhost:3000/studios/green-screen-studio:24
[   19652ms] [INFO] %cDownload the React DevTools for a better development experience: https://react.dev/link/react-devtools font-weight:bold @ http://localhost:3000/_next/static/chunks/1ldn_next_dist_06gedf1._.js:776
[   19688ms] [LOG] [HMR] connected @ http://localhost:3000/_next/static/chunks/1ldn_next_dist_06gedf1._.js:776
[   20405ms] [WARNING] Allow attribute will take precedence over 'allowfullscreen'. @ http://localhost:3000/studios/the-house-setup:24
[   20472ms] [INFO] %cDownload the React DevTools for a better development experience: https://react.dev/link/react-devtools font-weight:bold @ http://localhost:3000/_next/static/chunks/1ldn_next_dist_06gedf1._.js:776
[   20510ms] [LOG] [HMR] connected @ http://localhost:3000/_next/static/chunks/1ldn_next_dist_06gedf1._.js:776
[   20945ms] [WARNING] Allow attribute will take precedence over 'allowfullscreen'. @ http://localhost:3000/studios/white-cyclorama:24
[   21029ms] [INFO] %cDownload the React DevTools for a better development experience: https://react.dev/link/react-devtools font-weight:bold @ http://localhost:3000/_next/static/chunks/1ldn_next_dist_06gedf1._.js:776
[   21065ms] [LOG] [HMR] connected @ http://localhost:3000/_next/static/chunks/1ldn_next_dist_06gedf1._.js:776
[   21488ms] [WARNING] Allow attribute will take precedence over 'allowfullscreen'. @ http://localhost:3000/studios/podcast-setup:24
[   21550ms] [INFO] %cDownload the React DevTools for a better development experience: https://react.dev/link/react-devtools font-weight:bold @ http://localhost:3000/_next/static/chunks/1ldn_next_dist_06gedf1._.js:776
[   21579ms] [LOG] [HMR] connected @ http://localhost:3000/_next/static/chunks/1ldn_next_dist_06gedf1._.js:776
[   22000ms] [WARNING] Allow attribute will take precedence over 'allowfullscreen'. @ http://localhost:3000/studios/garden-area:24
[   22087ms] [INFO] %cDownload the React DevTools for a better development experience: https://react.dev/link/react-devtools font-weight:bold @ http://localhost:3000/_next/static/chunks/1ldn_next_dist_06gedf1._.js:776
[   22124ms] [LOG] [HMR] connected @ http://localhost:3000/_next/static/chunks/1ldn_next_dist_06gedf1._.js:776
[   22621ms] [WARNING] Allow attribute will take precedence over 'allowfullscreen'. @ http://localhost:3000/studios/lawn-area:24
[   22716ms] [INFO] %cDownload the React DevTools for a better development experience: https://react.dev/link/react-devtools font-weight:bold @ http://localhost:3000/_next/static/chunks/1ldn_next_dist_06gedf1._.js:776
[   22765ms] [LOG] [HMR] connected @ http://localhost:3000/_next/static/chunks/1ldn_next_dist_06gedf1._.js:776
[   23171ms] [WARNING] Allow attribute will take precedence over 'allowfullscreen'. @ http://localhost:3000/recce:24
[   23247ms] [INFO] %cDownload the React DevTools for a better development experience: https://react.dev/link/react-devtools font-weight:bold @ http://localhost:3000/_next/static/chunks/1ldn_next_dist_06gedf1._.js:776
[   23277ms] [LOG] [HMR] connected @ http://localhost:3000/_next/static/chunks/1ldn_next_dist_06gedf1._.js:776
[   25044ms] [WARNING] [Meta pixel] 876810729805531 is unavailable on this website due to it's traffic permission settings. Go to https://www.facebook.com/business/help/572690630080597 to learn more. @ https://storage.googleapis.com/bigdatahomes/frontend-static/vendors~2.7df4f64c5b86cc63.js:23
[   25124ms] [LOG] %c [UTS] [34977] [e_c] Initialized: web v1.0.0 color: green; @ https://storage.googleapis.com/bigdatahomes/frontend-static/vendors~2.7df4f64c5b86cc63.js:23
[   26501ms] [LOG] %c [UTS] [34977] [gusid] HB-ET_288a646ad72b31113ace13fe2aef9b68426bb48a16d9148f839c3744dd77a328 color: green; @ https://storage.googleapis.com/bigdatahomes/frontend-static/vendors~2.7df4f64c5b86cc63.js:23
[   27145ms] [INFO] %cDownload the React DevTools for a better development experience: https://react.dev/link/react-devtools font-weight:bold @ http://localhost:3000/_next/static/chunks/1ldn_next_dist_06gedf1._.js:776
[   27194ms] [LOG] [HMR] connected @ http://localhost:3000/_next/static/chunks/1ldn_next_dist_06gedf1._.js:776
[   27599ms] [LOG] [Fast Refresh] rebuilding @ http://localhost:3000/_next/static/chunks/1ldn_next_dist_06gedf1._.js:776
[   27985ms] [LOG] [Fast Refresh] done in 500ms @ http://localhost:3000/_next/static/chunks/1ldn_next_dist_06gedf1._.js:776
[   29851ms] [INFO] %cDownload the React DevTools for a better development experience: https://react.dev/link/react-devtools font-weight:bold @ http://localhost:3000/_next/static/chunks/1ldn_next_dist_06gedf1._.js:776
[   29881ms] [LOG] [HMR] connected @ http://localhost:3000/_next/static/chunks/1ldn_next_dist_06gedf1._.js:776
[   30295ms] [LOG] [Fast Refresh] rebuilding @ http://localhost:3000/_next/static/chunks/1ldn_next_dist_06gedf1._.js:776
[   30467ms] [LOG] [Fast Refresh] done in 274ms @ http://localhost:3000/_next/static/chunks/1ldn_next_dist_06gedf1._.js:776
[   40149ms] [LOG] [Fast Refresh] rebuilding @ http://localhost:3000/_next/static/chunks/1ldn_next_dist_06gedf1._.js:776
[   40327ms] [LOG] [Fast Refresh] done in 283ms @ http://localhost:3000/_next/static/chunks/1ldn_next_dist_06gedf1._.js:776
[   40592ms] [INFO] %cDownload the React DevTools for a better development experience: https://react.dev/link/react-devtools font-weight:bold @ http://localhost:3000/_next/static/chunks/1ldn_next_dist_06gedf1._.js:776
[   40640ms] [LOG] [HMR] connected @ http://localhost:3000/_next/static/chunks/1ldn_next_dist_06gedf1._.js:776
[   43005ms] [WARNING] Allow attribute will take precedence over 'allowfullscreen'. @ http://localhost:3000/recce:24
[   43114ms] [INFO] %cDownload the React DevTools for a better development experience: https://react.dev/link/react-devtools font-weight:bold @ http://localhost:3000/_next/static/chunks/1ldn_next_dist_06gedf1._.js:776
[   43174ms] [LOG] [HMR] connected @ http://localhost:3000/_next/static/chunks/1ldn_next_dist_06gedf1._.js:776
[   44267ms] [WARNING] [Meta pixel] 876810729805531 is unavailable on this website due to it's traffic permission settings. Go to https://www.facebook.com/business/help/572690630080597 to learn more. @ https://storage.googleapis.com/bigdatahomes/frontend-static/vendors~2.7df4f64c5b86cc63.js:23
[   44839ms] [LOG] %c [UTS] [34977] [e_c] Initialized: web v1.0.0 color: green; @ https://storage.googleapis.com/bigdatahomes/frontend-static/vendors~2.7df4f64c5b86cc63.js:23
[   45140ms] [LOG] %c [UTS] [34977] [gusid] HB-ET_288a646ad72b31113ace13fe2aef9b68426bb48a16d9148f839c3744dd77a328 color: green; @ https://storage.googleapis.com/bigdatahomes/frontend-static/vendors~2.7df4f64c5b86cc63.js:23
[   46545ms] [INFO] %cDownload the React DevTools for a better development experience: https://react.dev/link/react-devtools font-weight:bold @ http://localhost:3000/_next/static/chunks/1ldn_next_dist_06gedf1._.js:776
[   46589ms] [LOG] [HMR] connected @ http://localhost:3000/_next/static/chunks/1ldn_next_dist_06gedf1._.js:776
[   88044ms] [INFO] %cDownload the React DevTools for a better development experience: https://react.dev/link/react-devtools font-weight:bold @ http://localhost:3000/_next/static/chunks/1ldn_next_dist_06gedf1._.js:776
[   88121ms] [LOG] [HMR] connected @ http://localhost:3000/_next/static/chunks/1ldn_next_dist_06gedf1._.js:776
[   99676ms] [LOG] [Fast Refresh] rebuilding @ http://localhost:3000/_next/static/chunks/1ldn_next_dist_06gedf1._.js:776
[   99895ms] [LOG] [Fast Refresh] done in 258ms @ http://localhost:3000/_next/static/chunks/1ldn_next_dist_06gedf1._.js:776
[   99966ms] [LOG] [Fast Refresh] done in 258ms @ http://localhost:3000/_next/static/chunks/1ldn_next_dist_06gedf1._.js:776
[  100023ms] [LOG] [Fast Refresh] done in 258ms @ http://localhost:3000/_next/static/chunks/1ldn_next_dist_06gedf1._.js:776
[  100254ms] [LOG] [Fast Refresh] rebuilding @ http://localhost:3000/_next/static/chunks/1ldn_next_dist_06gedf1._.js:776
[  100371ms] [LOG] [Fast Refresh] done in 100ms @ http://localhost:3000/_next/static/chunks/1ldn_next_dist_06gedf1._.js:776
[  100474ms] [LOG] [Fast Refresh] done in 100ms @ http://localhost:3000/_next/static/chunks/1ldn_next_dist_06gedf1._.js:776
[  100554ms] [LOG] [Fast Refresh] done in 100ms @ http://localhost:3000/_next/static/chunks/1ldn_next_dist_06gedf1._.js:776
[  100631ms] [LOG] [Fast Refresh] done in 100ms @ http://localhost:3000/_next/static/chunks/1ldn_next_dist_06gedf1._.js:776
[  100698ms] [LOG] [Fast Refresh] done in 100ms @ http://localhost:3000/_next/static/chunks/1ldn_next_dist_06gedf1._.js:776
[  100757ms] [LOG] [Fast Refresh] done in 100ms @ http://localhost:3000/_next/static/chunks/1ldn_next_dist_06gedf1._.js:776
[  100834ms] [LOG] [Fast Refresh] done in 100ms @ http://localhost:3000/_next/static/chunks/1ldn_next_dist_06gedf1._.js:776
[  100896ms] [LOG] [Fast Refresh] done in 100ms @ http://localhost:3000/_next/static/chunks/1ldn_next_dist_06gedf1._.js:776
[  100962ms] [LOG] [Fast Refresh] done in 100ms @ http://localhost:3000/_next/static/chunks/1ldn_next_dist_06gedf1._.js:776
[  101023ms] [LOG] [Fast Refresh] done in 100ms @ http://localhost:3000/_next/static/chunks/1ldn_next_dist_06gedf1._.js:776
[  101083ms] [LOG] [Fast Refresh] done in 100ms @ http://localhost:3000/_next/static/chunks/1ldn_next_dist_06gedf1._.js:776
[  101147ms] [LOG] [Fast Refresh] done in 100ms @ http://localhost:3000/_next/static/chunks/1ldn_next_dist_06gedf1._.js:776
[  101272ms] [LOG] [Fast Refresh] rebuilding @ http://localhost:3000/_next/static/chunks/1ldn_next_dist_06gedf1._.js:776
[  101363ms] [LOG] [Fast Refresh] done in 3ms @ http://localhost:3000/_next/static/chunks/1ldn_next_dist_06gedf1._.js:776
[  101430ms] [LOG] [Fast Refresh] done in 3ms @ http://localhost:3000/_next/static/chunks/1ldn_next_dist_06gedf1._.js:776
[  101550ms] [LOG] [Fast Refresh] done in 3ms @ http://localhost:3000/_next/static/chunks/1ldn_next_dist_06gedf1._.js:776
[  101659ms] [LOG] [Fast Refresh] done in 3ms @ http://localhost:3000/_next/static/chunks/1ldn_next_dist_06gedf1._.js:776
[  101735ms] [LOG] [Fast Refresh] done in 3ms @ http://localhost:3000/_next/static/chunks/1ldn_next_dist_06gedf1._.js:776
[  101813ms] [LOG] [Fast Refresh] done in 3ms @ http://localhost:3000/_next/static/chunks/1ldn_next_dist_06gedf1._.js:776
[  101876ms] [LOG] [Fast Refresh] done in 3ms @ http://localhost:3000/_next/static/chunks/1ldn_next_dist_06gedf1._.js:776
[  101940ms] [LOG] [Fast Refresh] done in 3ms @ http://localhost:3000/_next/static/chunks/1ldn_next_dist_06gedf1._.js:776
[  102002ms] [LOG] [Fast Refresh] done in 3ms @ http://localhost:3000/_next/static/chunks/1ldn_next_dist_06gedf1._.js:776
[  102064ms] [LOG] [Fast Refresh] done in 3ms @ http://localhost:3000/_next/static/chunks/1ldn_next_dist_06gedf1._.js:776
[  102127ms] [LOG] [Fast Refresh] done in 3ms @ http://localhost:3000/_next/static/chunks/1ldn_next_dist_06gedf1._.js:776
[  102187ms] [LOG] [Fast Refresh] done in 3ms @ http://localhost:3000/_next/static/chunks/1ldn_next_dist_06gedf1._.js:776
[  102250ms] [LOG] [Fast Refresh] done in 3ms @ http://localhost:3000/_next/static/chunks/1ldn_next_dist_06gedf1._.js:776
[  102312ms] [LOG] [Fast Refresh] done in 3ms @ http://localhost:3000/_next/static/chunks/1ldn_next_dist_06gedf1._.js:776
[  102377ms] [LOG] [Fast Refresh] done in 3ms @ http://localhost:3000/_next/static/chunks/1ldn_next_dist_06gedf1._.js:776
[  102437ms] [LOG] [Fast Refresh] done in 3ms @ http://localhost:3000/_next/static/chunks/1ldn_next_dist_06gedf1._.js:776
[  102500ms] [LOG] [Fast Refresh] done in 3ms @ http://localhost:3000/_next/static/chunks/1ldn_next_dist_06gedf1._.js:776
[  102563ms] [LOG] [Fast Refresh] done in 3ms @ http://localhost:3000/_next/static/chunks/1ldn_next_dist_06gedf1._.js:776
[  102626ms] [LOG] [Fast Refresh] done in 3ms @ http://localhost:3000/_next/static/chunks/1ldn_next_dist_06gedf1._.js:776
[  102689ms] [LOG] [Fast Refresh] done in 3ms @ http://localhost:3000/_next/static/chunks/1ldn_next_dist_06gedf1._.js:776
[  102750ms] [LOG] [Fast Refresh] done in 3ms @ http://localhost:3000/_next/static/chunks/1ldn_next_dist_06gedf1._.js:776
[  102813ms] [LOG] [Fast Refresh] done in 3ms @ http://localhost:3000/_next/static/chunks/1ldn_next_dist_06gedf1._.js:776
[  102876ms] [LOG] [Fast Refresh] done in 3ms @ http://localhost:3000/_next/static/chunks/1ldn_next_dist_06gedf1._.js:776
[  102936ms] [LOG] [Fast Refresh] done in 3ms @ http://localhost:3000/_next/static/chunks/1ldn_next_dist_06gedf1._.js:776
[  102998ms] [LOG] [Fast Refresh] done in 3ms @ http://localhost:3000/_next/static/chunks/1ldn_next_dist_06gedf1._.js:776
[  103061ms] [LOG] [Fast Refresh] done in 3ms @ http://localhost:3000/_next/static/chunks/1ldn_next_dist_06gedf1._.js:776
[  103123ms] [LOG] [Fast Refresh] done in 3ms @ http://localhost:3000/_next/static/chunks/1ldn_next_dist_06gedf1._.js:776
[  103185ms] [LOG] [Fast Refresh] done in 3ms @ http://localhost:3000/_next/static/chunks/1ldn_next_dist_06gedf1._.js:776
[  103247ms] [LOG] [Fast Refresh] done in 3ms @ http://localhost:3000/_next/static/chunks/1ldn_next_dist_06gedf1._.js:776
[  103311ms] [LOG] [Fast Refresh] done in 3ms @ http://localhost:3000/_next/static/chunks/1ldn_next_dist_06gedf1._.js:776
[  103372ms] [LOG] [Fast Refresh] done in 3ms @ http://localhost:3000/_next/static/chunks/1ldn_next_dist_06gedf1._.js:776
[  103436ms] [LOG] [Fast Refresh] done in 3ms @ http://localhost:3000/_next/static/chunks/1ldn_next_dist_06gedf1._.js:776
[  103498ms] [LOG] [Fast Refresh] done in 3ms @ http://localhost:3000/_next/static/chunks/1ldn_next_dist_06gedf1._.js:776
[  103561ms] [LOG] [Fast Refresh] done in 3ms @ http://localhost:3000/_next/static/chunks/1ldn_next_dist_06gedf1._.js:776
[  103621ms] [LOG] [Fast Refresh] done in 3ms @ http://localhost:3000/_next/static/chunks/1ldn_next_dist_06gedf1._.js:776
[  103684ms] [LOG] [Fast Refresh] done in 3ms @ http://localhost:3000/_next/static/chunks/1ldn_next_dist_06gedf1._.js:776
[  103747ms] [LOG] [Fast Refresh] done in 3ms @ http://localhost:3000/_next/static/chunks/1ldn_next_dist_06gedf1._.js:776
[  103810ms] [LOG] [Fast Refresh] done in 3ms @ http://localhost:3000/_next/static/chunks/1ldn_next_dist_06gedf1._.js:776
[  103872ms] [LOG] [Fast Refresh] done in 3ms @ http://localhost:3000/_next/static/chunks/1ldn_next_dist_06gedf1._.js:776
[  103934ms] [LOG] [Fast Refresh] done in 3ms @ http://localhost:3000/_next/static/chunks/1ldn_next_dist_06gedf1._.js:776
[  103997ms] [LOG] [Fast Refresh] done in 3ms @ http://localhost:3000/_next/static/chunks/1ldn_next_dist_06gedf1._.js:776
[  104061ms] [LOG] [Fast Refresh] done in 3ms @ http://localhost:3000/_next/static/chunks/1ldn_next_dist_06gedf1._.js:776
[  104124ms] [LOG] [Fast Refresh] done in 3ms @ http://localhost:3000/_next/static/chunks/1ldn_next_dist_06gedf1._.js:776
[  104201ms] [LOG] [Fast Refresh] done in 3ms @ http://localhost:3000/_next/static/chunks/1ldn_next_dist_06gedf1._.js:776
[  104262ms] [LOG] [Fast Refresh] done in 3ms @ http://localhost:3000/_next/static/chunks/1ldn_next_dist_06gedf1._.js:776
[  104325ms] [LOG] [Fast Refresh] done in 3ms @ http://localhost:3000/_next/static/chunks/1ldn_next_dist_06gedf1._.js:776
[  104387ms] [LOG] [Fast Refresh] done in 3ms @ http://localhost:3000/_next/static/chunks/1ldn_next_dist_06gedf1._.js:776
[  104448ms] [LOG] [Fast Refresh] done in 3ms @ http://localhost:3000/_next/static/chunks/1ldn_next_dist_06gedf1._.js:776
[  104510ms] [LOG] [Fast Refresh] done in 3ms @ http://localhost:3000/_next/static/chunks/1ldn_next_dist_06gedf1._.js:776
[  104574ms] [LOG] [Fast Refresh] done in 3ms @ http://localhost:3000/_next/static/chunks/1ldn_next_dist_06gedf1._.js:776
[  104636ms] [LOG] [Fast Refresh] done in 3ms @ http://localhost:3000/_next/static/chunks/1ldn_next_dist_06gedf1._.js:776
[  104714ms] [LOG] [Fast Refresh] done in 3ms @ http://localhost:3000/_next/static/chunks/1ldn_next_dist_06gedf1._.js:776
[  104775ms] [LOG] [Fast Refresh] done in 3ms @ http://localhost:3000/_next/static/chunks/1ldn_next_dist_06gedf1._.js:776
[  104838ms] [LOG] [Fast Refresh] done in 3ms @ http://localhost:3000/_next/static/chunks/1ldn_next_dist_06gedf1._.js:776
[  104899ms] [LOG] [Fast Refresh] done in 3ms @ http://localhost:3000/_next/static/chunks/1ldn_next_dist_06gedf1._.js:776
[  104960ms] [LOG] [Fast Refresh] done in 3ms @ http://localhost:3000/_next/static/chunks/1ldn_next_dist_06gedf1._.js:776
[  105023ms] [LOG] [Fast Refresh] done in 3ms @ http://localhost:3000/_next/static/chunks/1ldn_next_dist_06gedf1._.js:776
[  105085ms] [LOG] [Fast Refresh] done in 3ms @ http://localhost:3000/_next/static/chunks/1ldn_next_dist_06gedf1._.js:776
[  105147ms] [LOG] [Fast Refresh] done in 3ms @ http://localhost:3000/_next/static/chunks/1ldn_next_dist_06gedf1._.js:776
[  105211ms] [LOG] [Fast Refresh] done in 3ms @ http://localhost:3000/_next/static/chunks/1ldn_next_dist_06gedf1._.js:776
[  105274ms] [LOG] [Fast Refresh] done in 3ms @ http://localhost:3000/_next/static/chunks/1ldn_next_dist_06gedf1._.js:776
[  105352ms] [LOG] [Fast Refresh] done in 3ms @ http://localhost:3000/_next/static/chunks/1ldn_next_dist_06gedf1._.js:776
[  105414ms] [LOG] [Fast Refresh] done in 3ms @ http://localhost:3000/_next/static/chunks/1ldn_next_dist_06gedf1._.js:776
[  105561ms] [LOG] [Fast Refresh] rebuilding @ http://localhost:3000/_next/static/chunks/1ldn_next_dist_06gedf1._.js:776
[  105671ms] [LOG] [Fast Refresh] done in 24ms @ http://localhost:3000/_next/static/chunks/1ldn_next_dist_06gedf1._.js:776
[  105767ms] [LOG] [Fast Refresh] done in 24ms @ http://localhost:3000/_next/static/chunks/1ldn_next_dist_06gedf1._.js:776
[  105862ms] [LOG] [Fast Refresh] done in 24ms @ http://localhost:3000/_next/static/chunks/1ldn_next_dist_06gedf1._.js:776
[  105931ms] [LOG] [Fast Refresh] done in 24ms @ http://localhost:3000/_next/static/chunks/1ldn_next_dist_06gedf1._.js:776
[  105994ms] [LOG] [Fast Refresh] done in 24ms @ http://localhost:3000/_next/static/chunks/1ldn_next_dist_06gedf1._.js:776
[  106055ms] [LOG] [Fast Refresh] done in 24ms @ http://localhost:3000/_next/static/chunks/1ldn_next_dist_06gedf1._.js:776
[  106117ms] [LOG] [Fast Refresh] done in 24ms @ http://localhost:3000/_next/static/chunks/1ldn_next_dist_06gedf1._.js:776
[  106180ms] [LOG] [Fast Refresh] done in 24ms @ http://localhost:3000/_next/static/chunks/1ldn_next_dist_06gedf1._.js:776
[  106242ms] [LOG] [Fast Refresh] done in 24ms @ http://localhost:3000/_next/static/chunks/1ldn_next_dist_06gedf1._.js:776
[  106306ms] [LOG] [Fast Refresh] done in 24ms @ http://localhost:3000/_next/static/chunks/1ldn_next_dist_06gedf1._.js:776
[  106368ms] [LOG] [Fast Refresh] done in 24ms @ http://localhost:3000/_next/static/chunks/1ldn_next_dist_06gedf1._.js:776
[  106429ms] [LOG] [Fast Refresh] done in 24ms @ http://localhost:3000/_next/static/chunks/1ldn_next_dist_06gedf1._.js:776
[  106493ms] [LOG] [Fast Refresh] done in 24ms @ http://localhost:3000/_next/static/chunks/1ldn_next_dist_06gedf1._.js:776
[  106556ms] [LOG] [Fast Refresh] done in 24ms @ http://localhost:3000/_next/static/chunks/1ldn_next_dist_06gedf1._.js:776
[  106617ms] [LOG] [Fast Refresh] done in 24ms @ http://localhost:3000/_next/static/chunks/1ldn_next_dist_06gedf1._.js:776
[  106679ms] [LOG] [Fast Refresh] done in 24ms @ http://localhost:3000/_next/static/chunks/1ldn_next_dist_06gedf1._.js:776
[  106743ms] [LOG] [Fast Refresh] done in 24ms @ http://localhost:3000/_next/static/chunks/1ldn_next_dist_06gedf1._.js:776
[  106805ms] [LOG] [Fast Refresh] done in 24ms @ http://localhost:3000/_next/static/chunks/1ldn_next_dist_06gedf1._.js:776
[  106868ms] [LOG] [Fast Refresh] done in 24ms @ http://localhost:3000/_next/static/chunks/1ldn_next_dist_06gedf1._.js:776
[  106928ms] [LOG] [Fast Refresh] done in 24ms @ http://localhost:3000/_next/static/chunks/1ldn_next_dist_06gedf1._.js:776
[  106991ms] [LOG] [Fast Refresh] done in 24ms @ http://localhost:3000/_next/static/chunks/1ldn_next_dist_06gedf1._.js:776
[  107053ms] [LOG] [Fast Refresh] done in 24ms @ http://localhost:3000/_next/static/chunks/1ldn_next_dist_06gedf1._.js:776
[  107114ms] [LOG] [Fast Refresh] done in 24ms @ http://localhost:3000/_next/static/chunks/1ldn_next_dist_06gedf1._.js:776
[  107176ms] [LOG] [Fast Refresh] done in 24ms @ http://localhost:3000/_next/static/chunks/1ldn_next_dist_06gedf1._.js:776
[  107254ms] [LOG] [Fast Refresh] done in 24ms @ http://localhost:3000/_next/static/chunks/1ldn_next_dist_06gedf1._.js:776
[  107318ms] [LOG] [Fast Refresh] done in 24ms @ http://localhost:3000/_next/static/chunks/1ldn_next_dist_06gedf1._.js:776
[  107380ms] [LOG] [Fast Refresh] done in 24ms @ http://localhost:3000/_next/static/chunks/1ldn_next_dist_06gedf1._.js:776
[  107441ms] [LOG] [Fast Refresh] done in 24ms @ http://localhost:3000/_next/static/chunks/1ldn_next_dist_06gedf1._.js:776
[  107505ms] [LOG] [Fast Refresh] done in 24ms @ http://localhost:3000/_next/static/chunks/1ldn_next_dist_06gedf1._.js:776
[  107579ms] [LOG] [Fast Refresh] done in 24ms @ http://localhost:3000/_next/static/chunks/1ldn_next_dist_06gedf1._.js:776
[  107642ms] [LOG] [Fast Refresh] done in 24ms @ http://localhost:3000/_next/static/chunks/1ldn_next_dist_06gedf1._.js:776
[  107703ms] [LOG] [Fast Refresh] done in 24ms @ http://localhost:3000/_next/static/chunks/1ldn_next_dist_06gedf1._.js:776
[  107767ms] [LOG] [Fast Refresh] done in 24ms @ http://localhost:3000/_next/static/chunks/1ldn_next_dist_06gedf1._.js:776
[  107829ms] [LOG] [Fast Refresh] done in 24ms @ http://localhost:3000/_next/static/chunks/1ldn_next_dist_06gedf1._.js:776
[  107892ms] [LOG] [Fast Refresh] done in 24ms @ http://localhost:3000/_next/static/chunks/1ldn_next_dist_06gedf1._.js:776
[  107955ms] [LOG] [Fast Refresh] done in 24ms @ http://localhost:3000/_next/static/chunks/1ldn_next_dist_06gedf1._.js:776
[  108032ms] [LOG] [Fast Refresh] done in 24ms @ http://localhost:3000/_next/static/chunks/1ldn_next_dist_06gedf1._.js:776
[  108094ms] [LOG] [Fast Refresh] done in 24ms @ http://localhost:3000/_next/static/chunks/1ldn_next_dist_06gedf1._.js:776
[  108156ms] [LOG] [Fast Refresh] done in 24ms @ http://localhost:3000/_next/static/chunks/1ldn_next_dist_06gedf1._.js:776
[  108219ms] [LOG] [Fast Refresh] done in 24ms @ http://localhost:3000/_next/static/chunks/1ldn_next_dist_06gedf1._.js:776
[  108281ms] [LOG] [Fast Refresh] done in 24ms @ http://localhost:3000/_next/static/chunks/1ldn_next_dist_06gedf1._.js:776
[  108343ms] [LOG] [Fast Refresh] done in 24ms @ http://localhost:3000/_next/static/chunks/1ldn_next_dist_06gedf1._.js:776
[  108405ms] [LOG] [Fast Refresh] done in 24ms @ http://localhost:3000/_next/static/chunks/1ldn_next_dist_06gedf1._.js:776
[  108466ms] [LOG] [Fast Refresh] done in 24ms @ http://localhost:3000/_next/static/chunks/1ldn_next_dist_06gedf1._.js:776
[  108528ms] [LOG] [Fast Refresh] done in 24ms @ http://localhost:3000/_next/static/chunks/1ldn_next_dist_06gedf1._.js:776
[  108606ms] [LOG] [Fast Refresh] done in 24ms @ http://localhost:3000/_next/static/chunks/1ldn_next_dist_06gedf1._.js:776
[  108670ms] [LOG] [Fast Refresh] done in 24ms @ http://localhost:3000/_next/static/chunks/1ldn_next_dist_06gedf1._.js:776
[  108731ms] [LOG] [Fast Refresh] done in 24ms @ http://localhost:3000/_next/static/chunks/1ldn_next_dist_06gedf1._.js:776
[  108794ms] [LOG] [Fast Refresh] done in 24ms @ http://localhost:3000/_next/static/chunks/1ldn_next_dist_06gedf1._.js:776
[  108855ms] [LOG] [Fast Refresh] done in 24ms @ http://localhost:3000/_next/static/chunks/1ldn_next_dist_06gedf1._.js:776
[  108917ms] [LOG] [Fast Refresh] done in 24ms @ http://localhost:3000/_next/static/chunks/1ldn_next_dist_06gedf1._.js:776
[  108978ms] [LOG] [Fast Refresh] done in 24ms @ http://localhost:3000/_next/static/chunks/1ldn_next_dist_06gedf1._.js:776
[  109042ms] [LOG] [Fast Refresh] done in 24ms @ http://localhost:3000/_next/static/chunks/1ldn_next_dist_06gedf1._.js:776
[  109106ms] [LOG] [Fast Refresh] done in 24ms @ http://localhost:3000/_next/static/chunks/1ldn_next_dist_06gedf1._.js:776
[  109180ms] [LOG] [Fast Refresh] done in 24ms @ http://localhost:3000/_next/static/chunks/1ldn_next_dist_06gedf1._.js:776
[  109242ms] [LOG] [Fast Refresh] done in 24ms @ http://localhost:3000/_next/static/chunks/1ldn_next_dist_06gedf1._.js:776
[  109302ms] [LOG] [Fast Refresh] done in 24ms @ http://localhost:3000/_next/static/chunks/1ldn_next_dist_06gedf1._.js:776
[  109365ms] [LOG] [Fast Refresh] done in 24ms @ http://localhost:3000/_next/static/chunks/1ldn_next_dist_06gedf1._.js:776
[  109428ms] [LOG] [Fast Refresh] done in 24ms @ http://localhost:3000/_next/static/chunks/1ldn_next_dist_06gedf1._.js:776
[  109491ms] [LOG] [Fast Refresh] done in 24ms @ http://localhost:3000/_next/static/chunks/1ldn_next_dist_06gedf1._.js:776
[  109553ms] [LOG] [Fast Refresh] done in 24ms @ http://localhost:3000/_next/static/chunks/1ldn_next_dist_06gedf1._.js:776
[  109616ms] [LOG] [Fast Refresh] done in 24ms @ http://localhost:3000/_next/static/chunks/1ldn_next_dist_06gedf1._.js:776
[  109693ms] [LOG] [Fast Refresh] done in 24ms @ http://localhost:3000/_next/static/chunks/1ldn_next_dist_06gedf1._.js:776
[  109800ms] [LOG] [Fast Refresh] done in 24ms @ http://localhost:3000/_next/static/chunks/1ldn_next_dist_06gedf1._.js:776
[  110196ms] [INFO] %cDownload the React DevTools for a better development experience: https://react.dev/link/react-devtools font-weight:bold @ http://localhost:3000/_next/static/chunks/1ldn_next_dist_06gedf1._.js:776
[  110276ms] [LOG] [HMR] connected @ http://localhost:3000/_next/static/chunks/1ldn_next_dist_06gedf1._.js:776
[  111517ms] [INFO] %cDownload the React DevTools for a better development experience: https://react.dev/link/react-devtools font-weight:bold @ http://localhost:3000/_next/static/chunks/1ldn_next_dist_06gedf1._.js:776
[  111563ms] [LOG] [HMR] connected @ http://localhost:3000/_next/static/chunks/1ldn_next_dist_06gedf1._.js:776
